../Core/Src/main.c:69:5:main	8	static
../Core/Src/main.c:116:6:SystemClock_Config	88	static
../Core/Src/main.c:158:13:MX_TIM2_Init	64	static
../Core/Src/main.c:223:6:HAL_TIM_PeriodElapsedCallback	16	static
../Core/Src/main.c:235:13:MX_GPIO_Init	40	static
../Core/Src/main.c:265:6:INTERRUPT_INIT	8	static
../Core/Src/main.c:274:6:EXTI15_10_IRQHandler	8	static
../Core/Src/main.c:278:6:EXTI0_IRQHandler	8	static
../Core/Src/main.c:283:6:HAL_GPIO_EXTI_Callback	16	static
../Core/Src/main.c:300:6:Error_Handler	4	static,ignoring_inline_asm
